测试组件生成成功！
时间: 2026-02-16T16:33:39.268Z
版本: 1.0.0